TLC2 Version 2.19 of 08 August 2024 (rev: 5a47802)
Running breadth-first search Model-Checking with fp 97 and seed 1627173615381998143 with 1 worker on 10 cores with 1765MB heap and 64MB offheap memory [pid: 1] (Linux 6.12.76-linuxkit aarch64, Eclipse Adoptium 21.0.12 x86_64, MSBDiskFPSet, DiskStateQueue).
Parsing file /work/FeedCron.tla
Parsing file /work/Feed.tla
Parsing file /tmp/FiniteSets.tla
Parsing file /tmp/Naturals.tla
Parsing file /tmp/TLC.tla
Parsing file /tmp/Sequences.tla
Semantic processing of module Naturals
Semantic processing of module Sequences
Semantic processing of module FiniteSets
Semantic processing of module TLC
Semantic processing of module Feed
Semantic processing of module FeedCron
Starting... (2026-10-06 01:18:52)
Computing initial states...
Finished computing initial states: 1 distinct state generated at 2026-10-06 01:18:52.
Progress(14) at 2026-10-06 01:18:55: 741,928 states generated (741,928 s/min), 313,600 distinct states found (313,600 ds/min), 141,681 states left on queue.
Progress(25) at 2026-10-06 01:19:55: 16,653,046 states generated (15,911,118 s/min), 5,211,334 distinct states found (4,897,734 ds/min), 402,216 states left on queue.
Model checking completed. No error has been found.
  Estimates of the probability that TLC did not check all reachable states
  because two distinct states had the same fingerprint:
  calculated (optimistic):  val = 7.0E-6
  based on the actual fingerprints:  val = 1.4E-7
24602785 states generated, 7578069 distinct states found, 0 states left on queue.
The depth of the complete state graph search is 44.
The average outdegree of the complete state graph is 1 (minimum is 0, the maximum 7 and the 95th percentile is 3).
Finished in 01min 34s at (2026-10-06 01:20:26)
