TLC2 Version 2.19 of 08 August 2024 (rev: 5a47802)
Running breadth-first search Model-Checking with fp 67 and seed -4779483829579565244 with 1 worker on 10 cores with 1765MB heap and 64MB offheap memory [pid: 1] (Linux 6.12.76-linuxkit aarch64, Eclipse Adoptium 21.0.12 x86_64, MSBDiskFPSet, DiskStateQueue).
Parsing file /work/FeedCron.tla
Parsing file /work/Feed.tla
Parsing file /tmp/FiniteSets.tla
Parsing file /tmp/Naturals.tla
Parsing file /tmp/TLC.tla
Parsing file /tmp/Sequences.tla
Semantic processing of module Naturals
Semantic processing of module Sequences
Semantic processing of module FiniteSets
Semantic processing of module TLC
Semantic processing of module Feed
Semantic processing of module FeedCron
Starting... (2026-10-06 01:17:46)
Computing initial states...
Finished computing initial states: 1 distinct state generated at 2026-10-06 01:17:46.
Error: Invariant TimerChecksFresh is violated.
Error: The behavior up to this point is:
State 1: <Initial predicate>
/\ regressed = FALSE
/\ attempts = << [ phase |-> "idle",
     before |-> 0,
     commit |-> 0,
     expected |-> 0,
     a |-> 0,
     b |-> 0,
     tries |-> 0,
     conditional |-> FALSE,
     observed |-> 0 ],
   [ phase |-> "idle",
     before |-> 0,
     commit |-> 0,
     expected |-> 0,
     a |-> 0,
     b |-> 0,
     tries |-> 0,
     conditional |-> FALSE,
     observed |-> 0 ] >>
/\ triggerWrites = 0
/\ checks = 0
/\ ticks = 0
/\ required = <<0, 0>>
/\ timerActive = <<FALSE, FALSE>>
/\ source = 0
/\ missedCheck = FALSE
/\ services = 0
/\ artifact = [commit |-> 0, a |-> 0, b |-> 0, rev |-> 0, token |-> 0]
/\ renders = 0
/\ revision = 0
/\ queued = <<FALSE, FALSE>>

State 2: <CronNext line 34, col 14 to line 34, col 71 of module FeedCron>
/\ regressed = FALSE
/\ attempts = << [ phase |-> "idle",
     before |-> 0,
     commit |-> 0,
     expected |-> 0,
     a |-> 0,
     b |-> 0,
     tries |-> 0,
     conditional |-> FALSE,
     observed |-> 0 ],
   [ phase |-> "idle",
     before |-> 0,
     commit |-> 0,
     expected |-> 0,
     a |-> 0,
     b |-> 0,
     tries |-> 0,
     conditional |-> FALSE,
     observed |-> 0 ] >>
/\ triggerWrites = 1
/\ checks = 0
/\ ticks = 0
/\ required = <<0, 0>>
/\ timerActive = <<FALSE, FALSE>>
/\ source = 1
/\ missedCheck = FALSE
/\ services = 0
/\ artifact = [commit |-> 0, a |-> 0, b |-> 0, rev |-> 0, token |-> 0]
/\ renders = 0
/\ revision = 1
/\ queued = <<FALSE, FALSE>>

State 3: <CronNext line 34, col 14 to line 34, col 71 of module FeedCron>
/\ regressed = FALSE
/\ attempts = << [ phase |-> "check",
     before |-> 0,
     commit |-> 0,
     expected |-> 0,
     a |-> 0,
     b |-> 0,
     tries |-> 0,
     conditional |-> FALSE,
     observed |-> 0 ],
   [ phase |-> "idle",
     before |-> 0,
     commit |-> 0,
     expected |-> 0,
     a |-> 0,
     b |-> 0,
     tries |-> 0,
     conditional |-> FALSE,
     observed |-> 0 ] >>
/\ triggerWrites = 1
/\ checks = 0
/\ ticks = 0
/\ required = <<0, 0>>
/\ timerActive = <<FALSE, FALSE>>
/\ source = 1
/\ missedCheck = FALSE
/\ services = 1
/\ artifact = [commit |-> 0, a |-> 0, b |-> 0, rev |-> 0, token |-> 0]
/\ renders = 0
/\ revision = 1
/\ queued = <<FALSE, FALSE>>

State 4: <CronNext line 34, col 14 to line 34, col 71 of module FeedCron>
/\ regressed = FALSE
/\ attempts = << [ phase |-> "readA",
     before |-> 1,
     commit |-> 1,
     expected |-> 0,
     a |-> 0,
     b |-> 0,
     tries |-> 1,
     conditional |-> FALSE,
     observed |-> 0 ],
   [ phase |-> "idle",
     before |-> 0,
     commit |-> 0,
     expected |-> 0,
     a |-> 0,
     b |-> 0,
     tries |-> 0,
     conditional |-> FALSE,
     observed |-> 0 ] >>
/\ triggerWrites = 1
/\ checks = 1
/\ ticks = 0
/\ required = <<0, 0>>
/\ timerActive = <<FALSE, FALSE>>
/\ source = 1
/\ missedCheck = FALSE
/\ services = 1
/\ artifact = [commit |-> 0, a |-> 0, b |-> 0, rev |-> 0, token |-> 0]
/\ renders = 1
/\ revision = 1
/\ queued = <<FALSE, FALSE>>

State 5: <CronNext line 34, col 14 to line 34, col 71 of module FeedCron>
/\ regressed = FALSE
/\ attempts = << [ phase |-> "readA",
     before |-> 1,
     commit |-> 1,
     expected |-> 0,
     a |-> 0,
     b |-> 0,
     tries |-> 1,
     conditional |-> FALSE,
     observed |-> 0 ],
   [ phase |-> "idle",
     before |-> 0,
     commit |-> 0,
     expected |-> 0,
     a |-> 0,
     b |-> 0,
     tries |-> 0,
     conditional |-> FALSE,
     observed |-> 0 ] >>
/\ triggerWrites = 2
/\ checks = 1
/\ ticks = 0
/\ required = <<0, 0>>
/\ timerActive = <<FALSE, FALSE>>
/\ source = 2
/\ missedCheck = FALSE
/\ services = 1
/\ artifact = [commit |-> 0, a |-> 0, b |-> 0, rev |-> 0, token |-> 0]
/\ renders = 1
/\ revision = 2
/\ queued = <<FALSE, FALSE>>

State 6: <Tick line 15, col 5 to line 22, col 52 of module FeedCron>
/\ regressed = FALSE
/\ attempts = << [ phase |-> "readA",
     before |-> 1,
     commit |-> 1,
     expected |-> 0,
     a |-> 0,
     b |-> 0,
     tries |-> 1,
     conditional |-> FALSE,
     observed |-> 0 ],
   [ phase |-> "idle",
     before |-> 0,
     commit |-> 0,
     expected |-> 0,
     a |-> 0,
     b |-> 0,
     tries |-> 0,
     conditional |-> FALSE,
     observed |-> 0 ] >>
/\ triggerWrites = 2
/\ checks = 1
/\ ticks = 1
/\ required = <<2, 0>>
/\ timerActive = <<FALSE, FALSE>>
/\ source = 2
/\ missedCheck = FALSE
/\ services = 1
/\ artifact = [commit |-> 0, a |-> 0, b |-> 0, rev |-> 0, token |-> 0]
/\ renders = 1
/\ revision = 2
/\ queued = <<TRUE, FALSE>>

State 7: <StartTimer line 24, col 5 to line 33, col 79 of module FeedCron>
/\ regressed = FALSE
/\ attempts = << [ phase |-> "readA",
     before |-> 1,
     commit |-> 1,
     expected |-> 0,
     a |-> 0,
     b |-> 0,
     tries |-> 1,
     conditional |-> FALSE,
     observed |-> 0 ],
   [ phase |-> "idle",
     before |-> 0,
     commit |-> 0,
     expected |-> 0,
     a |-> 0,
     b |-> 0,
     tries |-> 0,
     conditional |-> FALSE,
     observed |-> 0 ] >>
/\ triggerWrites = 2
/\ checks = 1
/\ ticks = 1
/\ required = <<2, 0>>
/\ timerActive = <<TRUE, FALSE>>
/\ source = 2
/\ missedCheck = FALSE
/\ services = 1
/\ artifact = [commit |-> 0, a |-> 0, b |-> 0, rev |-> 0, token |-> 0]
/\ renders = 1
/\ revision = 2
/\ queued = <<FALSE, FALSE>>

2328 states generated, 1235 distinct states found, 793 states left on queue.
The depth of the complete state graph search is 7.
The average outdegree of the complete state graph is 3 (minimum is 0, the maximum 7 and the 95th percentile is 5).
Finished in 00s at (2026-10-06 01:17:46)
